// Jest Snapshot v1, https://goo.gl/fbAQLP

exports[`GuestGreeting should display guest greeting 1`] = `
<h1>
  Hi stranger âœŒ Please login ðŸš€
</h1>
`;
