// Jest Snapshot v1, https://goo.gl/fbAQLP

exports[`UserGreeting should display user greeting 1`] = `
<h1>
  Hello, user ðŸ˜Ž
</h1>
`;
